(---------------------------------------------------------------------)
(                                                                     )
(    Allegro Netrev Import Logic                                      )
(                                                                     )
(    Drawing          : AIRQUALITYBLUETOOTHSENSOR.brd                 )
(    Software Version : 17.2S083                                      )
(    Date/Time        : Sat Jan 07 15:45:01 2023                      )
(                                                                     )
(---------------------------------------------------------------------)


------ Directives ------------

Ripup etch:                  No
Ripup delete first segment:  No
Ripup retain bondwire:       No
Ripup symbols:               Always
Missing symbol has error:    No
DRC update:                  Yes
Schematic directory:         'D:\CADENCE\CDSSETUP\ORCAD_CAPTURE\17.2.0\SCHEMATIC_FINALPROJECT\allegro'
Design Directory:            'D:/CADENCE/CDSSETUP/ORCAD_CAPTURE/17.2.0/SCHEMATIC_FINALPROJECT/allegro'
Old design name:             'D:/Cadence/cdssetup/OrCAD_Capture/17.2.0/Schematic_FinalProject/allegro/AIRQUALITYBLUETOOTHSENSOR.brd'
New design name:             'D:/CADENCE/CDSSETUP/ORCAD_CAPTURE/17.2.0/SCHEMATIC_FINALPROJECT/allegro/AIRQUALITYBLUETOOTHSENSOR.brd'

CmdLine: netrev.exe -y 1 -i D:\CADENCE\CDSSETUP\ORCAD_CAPTURE\17.2.0\SCHEMATIC_FINALPROJECT\allegro D:\Cadence\cdssetup\OrCAD_Capture\17.2.0\Schematic_FinalProject\allegro\AIRQUALITYBLUETOOTHSENSOR.brd D:\CADENCE\CDSSETUP\ORCAD_CAPTURE\17.2.0\SCHEMATIC_FINALPROJECT\allegro\AIRQUALITYBLUETOOTHSENSOR.brd

------ Preparing to read pst files ------

Starting to read D:/CADENCE/CDSSETUP/ORCAD_CAPTURE/17.2.0/SCHEMATIC_FINALPROJECT/allegro/pstchip.dat 
   Finished reading D:/CADENCE/CDSSETUP/ORCAD_CAPTURE/17.2.0/SCHEMATIC_FINALPROJECT/allegro/pstchip.dat (00:00:00.03)
Starting to read D:/CADENCE/CDSSETUP/ORCAD_CAPTURE/17.2.0/SCHEMATIC_FINALPROJECT/allegro/pstxprt.dat 
   Finished reading D:/CADENCE/CDSSETUP/ORCAD_CAPTURE/17.2.0/SCHEMATIC_FINALPROJECT/allegro/pstxprt.dat (00:00:00.00)
Starting to read D:/CADENCE/CDSSETUP/ORCAD_CAPTURE/17.2.0/SCHEMATIC_FINALPROJECT/allegro/pstxnet.dat 
   Finished reading D:/CADENCE/CDSSETUP/ORCAD_CAPTURE/17.2.0/SCHEMATIC_FINALPROJECT/allegro/pstxnet.dat (00:00:00.00)

------ Oversights/Warnings/Errors ------


------ Library Paths ------
MODULEPATH =  . 
           D:/Cadence/share/local/pcb/modules 

PSMPATH =  . 
           symbols 
           .. 
           ../symbols 
           D:/Cadence/share/local/pcb/symbols 
           D:/Cadence/share/pcb/pcb_lib/symbols 
           D:/Cadence/share/pcb/allegrolib/symbols 
           D:/Cadence/cdssetup/OrCAD_Capture/17.2.0/ORCAD_PERSONAL_LIBRARY/FOOTPRINTS/ 

PADPATH =  . 
           symbols 
           .. 
           ../symbols 
           D:/Cadence/share/local/pcb/padstacks 
           D:/Cadence/share/pcb/pcb_lib/symbols 
           D:/Cadence/share/pcb/allegrolib/symbols 
           D:/Cadence/cdssetup/OrCAD_Capture/17.2.0/ORCAD_PERSONAL_LIBRARY/PADSTACK/ 


------ Summary Statistics ------


netrev run on Jan 7 15:45:01 2023
   DESIGN NAME : 'AIRQUALITYBLUETOOTHSENSOR'
   PACKAGING ON May 24 2022 13:22:03

   COMPILE 'logic'
   CHECK_PIN_NAMES OFF
   CROSS_REFERENCE OFF
   FEEDBACK OFF
   INCREMENTAL OFF
   INTERFACE_TYPE PHYSICAL
   MAX_ERRORS 500
   MERGE_MINIMUM 5
   NET_NAME_CHARS '#%&()*+-./:=>?@[]^_`|'
   NET_NAME_LENGTH 24
   OVERSIGHTS ON
   REPLACE_CHECK OFF
   SINGLE_NODE_NETS ON
   SPLIT_MINIMUM 0
   SUPPRESS   20
   WARNINGS ON

 No error detected
 No oversight detected
 No warning detected

cpu time      0:00:20
elapsed time  0:00:01

